// Jest Snapshot v1, https://goo.gl/fbAQLP

exports[`ims query region should not have changed 1`] = `
Object {
  "aliases": Array [
    "reg",
  ],
  "description": "Query an IMS region.",
  "examples": Array [
    Object {
      "description": "Query information for regions on route IMS1",
      "options": "IMS1",
    },
    Object {
      "description": "Query information for regions on routes IMS1 and IMS2",
      "options": "IMS1 IMS2",
    },
    Object {
      "description": "Query DC and region information for regions on routes IMS1 and IMS2",
      "options": "--dc true --region true",
    },
    Object {
      "description": "Query information for regions specifying optional connection parameters",
      "options": "--host localhost --port 8080 --ich zos1 --icp 9999 --plex PLEX1",
    },
  ],
  "name": "region",
  "options": Array [
    Object {
      "defaultValue": true,
      "description": "Displays only the DC subset of the output",
      "name": "dc",
      "type": "boolean",
    },
    Object {
      "defaultValue": true,
      "description": "Displays only the REGION subset of the output. The display consists of active regions",
      "name": "region",
      "type": "boolean",
    },
    Object {
      "aliases": Array [
        "rt",
      ],
      "description": "Specifies the routes to return.",
      "name": "route",
      "type": "array",
    },
  ],
  "outputFormatOptions": true,
  "positionals": Array [],
  "profile": Object {
    "optional": Array [
      "ims",
    ],
  },
  "type": "command",
}
`;
