// Jest Snapshot v1, https://goo.gl/fbAQLP

exports[`imperative config should match the snapshot 1`] = `
Object {
  "commandModuleGlobs": Array [
    "**/cli/*/*.definition!(.d).*s",
  ],
  "name": "ims",
  "productDisplayName": "IBM IMS Plug-in for zowe CLI",
  "profiles": Array [
    Object {
      "createProfileExamples": Array [
        Object {
          "description": "Create a ims profile named 'ims123' to connect to IMS APIs at host zos123 and port 1490. The name of the IMS plex in this example is 'PLEX1' and the IMS region we want to communicate with has a host of zos124 and a port of 1491",
          "options": "ims123 --host zos123 --port 1490 --user ibmuser --pass myp4ss --plex PLEX1 --ich zos124 --icp 1491",
        },
      ],
      "schema": Object {
        "description": "An ims profile is used to issue commands in the ims command group that interact with IMS regions. The ims profile contains your IMS Operations API web server host, port, user name and password, IMS Connect host and port and IMS plex name.",
        "properties": Object {
          "basePath": Object {
            "optionDefinition": Object {
              "aliases": Array [
                "bp",
              ],
              "description": "The base path for your API mediation layer instance. Specify this option to prepend the base path to all z/OSMF resources when making REST requests. Do not specify this option if you are not using an API mediation layer.",
              "group": "IMS Connection Options",
              "name": "base-path",
              "type": "string",
            },
            "type": "string",
          },
          "host": Object {
            "optionDefinition": Object {
              "aliases": Array [
                "H",
              ],
              "description": "The IMS Operations API server host name.",
              "group": "IMS Connection Options",
              "name": "host",
              "required": true,
              "type": "string",
            },
            "type": "string",
          },
          "imsConnectHost": Object {
            "optionDefinition": Object {
              "aliases": Array [
                "ich",
              ],
              "description": "The hostname of your instance of IMS Connect. This is typically the hostname of the mainframe LPAR where IMS Connect is running.",
              "group": "IMS Connection Options",
              "name": "ims-connect-host",
              "required": true,
              "type": "string",
            },
            "type": "string",
          },
          "imsConnectPort": Object {
            "optionDefinition": Object {
              "aliases": Array [
                "icp",
              ],
              "description": "The port of your instance of IMS Connect. This port can be found in your IMS Connect configuration file on the mainframe.",
              "group": "IMS Connection Options",
              "name": "ims-connect-port",
              "required": true,
              "type": "number",
            },
            "type": "number",
          },
          "password": Object {
            "optionDefinition": Object {
              "aliases": Array [
                "pass",
              ],
              "description": "The web server user password where the IMS Operations API resides.",
              "group": "IMS Connection Options",
              "name": "password",
              "type": "string",
            },
            "secure": true,
            "type": "string",
          },
          "plex": Object {
            "optionDefinition": Object {
              "aliases": Array [
                "x",
              ],
              "description": "The name of the IMS plex.",
              "group": "IMS Connection Options",
              "name": "plex",
              "required": true,
              "type": "string",
            },
            "type": "string",
          },
          "port": Object {
            "optionDefinition": Object {
              "aliases": Array [
                "P",
              ],
              "description": "The IMS Operations API server port.",
              "group": "IMS Connection Options",
              "name": "port",
              "required": true,
              "type": "number",
            },
            "type": "number",
          },
          "protocol": Object {
            "optionDefinition": Object {
              "allowableValues": Object {
                "caseSensitive": false,
                "values": Array [
                  "http",
                  "https",
                ],
              },
              "defaultValue": "https",
              "description": "Specifies protocol (http or https).",
              "group": "IMS Connection Options",
              "name": "protocol",
              "required": true,
              "type": "string",
            },
            "type": "string",
          },
          "user": Object {
            "optionDefinition": Object {
              "aliases": Array [
                "u",
              ],
              "description": "The web server user name where the IMS Operations API resides.",
              "group": "IMS Connection Options",
              "name": "user",
              "type": "string",
            },
            "secure": true,
            "type": "string",
          },
        },
        "required": Array [
          "host",
        ],
        "title": "IMS Profile",
        "type": "object",
      },
      "type": "ims",
    },
  ],
  "rootCommandDescription": "Interact with IBM IMS programs and transactions.",
}
`;
