// Jest Snapshot v1, https://goo.gl/fbAQLP

exports[`QueryTransactionHandler should call the query transaction api 1`] = `
Object {
  "fields": Array [
    "tran",
    "tmcr",
    "msgt",
    "mbr",
    "fp",
  ],
  "format": "table",
  "header": true,
  "output": Object {},
}
`;

exports[`QueryTransactionHandler should call the query transaction api 2`] = `
Object {
  "data": Object {},
  "messages": Object {},
}
`;
