// Jest Snapshot v1, https://goo.gl/fbAQLP

exports[`ims start program should not have changed 1`] = `
Object {
  "aliases": Array [
    "pgm",
  ],
  "description": "Start an IMS application program.",
  "examples": Array [
    Object {
      "description": "Start an application program named PGM123",
      "options": "PGM123",
    },
    Object {
      "description": "Start all application programs beginning with ACC*",
      "options": "ACC*",
    },
    Object {
      "description": "Start an application program named PGM234 and start tracing",
      "options": "PGM234 --attributes SCHD TRACE",
    },
    Object {
      "description": "Start an application program named PGM890 routing to control regions IMS1 and IMS2",
      "options": "PGM890 --route IMS1 IMS2",
    },
    Object {
      "description": "Start an application programs named XYZ1 specifying optional connection parameters",
      "options": "XYZ1 --host localhost --port 8080 --ich zos1 --icp 9999 --plex PLEX1",
    },
  ],
  "name": "program",
  "options": Array [
    Object {
      "aliases": Array [
        "att",
      ],
      "allowableValues": Object {
        "caseSensitive": true,
        "values": Array [
          "SCHD",
          "TRACE",
          "REFRESH",
        ],
      },
      "defaultValue": Array [
        "SCHD",
      ],
      "description": "The attributes that are to be started",
      "name": "attributes",
      "type": "array",
    },
    Object {
      "aliases": Array [
        "rte",
      ],
      "description": "The region(s) to route the command to",
      "name": "route",
      "type": "array",
    },
  ],
  "outputFormatOptions": true,
  "positionals": Array [
    Object {
      "description": "The name of the application program(s) to start. The maximum length of a program name is eight characters.",
      "name": "name...",
      "required": false,
      "type": "string",
    },
  ],
  "profile": Object {
    "optional": Array [
      "ims",
    ],
  },
  "type": "command",
}
`;
