// Jest Snapshot v1, https://goo.gl/fbAQLP

exports[`StartProgramHandler should call the stop program api 1`] = `"The application program '%s' was stopped successfully."`;

exports[`StartProgramHandler should call the stop program api 2`] = `
Object {
  "data": Object {},
  "messages": Object {},
}
`;
