// Jest Snapshot v1, https://goo.gl/fbAQLP

exports[`ims stop program should not have changed 1`] = `
Object {
  "aliases": Array [
    "pgm",
  ],
  "description": "Command to specify the application program to be stopped.",
  "examples": Array [
    Object {
      "description": "Stop an application program named PGM123",
      "options": "PGM123",
    },
  ],
  "name": "program",
  "outputFormatOptions": true,
  "positionals": Array [
    Object {
      "description": "The name of the program to stop. The maximum length of the program name is eight characters.",
      "name": "name",
      "required": true,
      "type": "string",
    },
  ],
  "profile": Object {
    "optional": Array [
      "ims",
    ],
  },
  "type": "command",
}
`;
