// Jest Snapshot v1, https://goo.gl/fbAQLP

exports[`QueryProgramHandler should call the query program api 1`] = `
Object {
  "format": "table",
  "header": true,
  "output": Object {},
}
`;

exports[`QueryProgramHandler should call the query program api 2`] = `
Object {
  "data": Object {},
  "messages": Object {},
}
`;
