// Jest Snapshot v1, https://goo.gl/fbAQLP

exports[`ims query program should not have changed 1`] = `
Object {
  "aliases": Array [
    "pgm",
  ],
  "description": "Query an IMS application program.",
  "examples": Array [
    Object {
      "description": "Query information for an application program named PGM123",
      "options": "PGM123",
    },
    Object {
      "description": "Query information for application programs named ABC and XYZ",
      "options": "ABC XYZ",
    },
    Object {
      "description": "Query information for application programs starting with PROG using the wild card character '*'",
      "options": "PROG*",
    },
    Object {
      "description": "Query information for all application programs (default is all)",
      "options": "",
    },
    Object {
      "description": "Query information for all application programs specifying optional parameters",
      "options": "--attributes BMPTYPE TIMESTAMP --status NOTINIT --route IMS1 IMS2",
    },
    Object {
      "description": "Query information for all application programs specifying optional connection parameters",
      "options": "--host localhost --port 8080 --ich zos1 --icp 9999 --plex PLEX1",
    },
  ],
  "name": "program",
  "options": Array [
    Object {
      "aliases": Array [
        "att",
      ],
      "allowableValues": Object {
        "caseSensitive": true,
        "values": Array [
          "ALL",
          "BMPTYPE",
          "DEFN",
          "DEFNTYPE",
          "DOPT",
          "FP",
          "GLOBAL",
          "IMSID",
          "GPSB",
          "LANG",
          "LOCAL",
          "MODEL",
          "RESIDENT",
          "SCHDTYPE",
          "STATUS",
          "TIMESTAMP",
          "TRANSTAT",
          "EXPORTNEEDED",
          "DB",
          "RTC",
          "TRAN",
          "WORK",
        ],
      },
      "defaultValue": Array [
        "ALL",
      ],
      "description": "Specifies the application program output fields to return.",
      "name": "attributes",
      "type": "array",
    },
    Object {
      "aliases": Array [
        "st",
      ],
      "allowableValues": Object {
        "caseSensitive": true,
        "values": Array [
          "DB-NOTAVL",
          "IOPREV",
          "LOCK",
          "NOTINIT",
          "STOSCHD",
          "TRACE",
        ],
      },
      "description": "Selects programs for display that possess at least one of the specified program statuses.",
      "name": "status",
      "type": "array",
    },
    Object {
      "aliases": Array [
        "rt",
      ],
      "description": "Specifies the routes to return.",
      "name": "route",
      "type": "array",
    },
  ],
  "outputFormatOptions": true,
  "positionals": Array [
    Object {
      "description": "Specifies the names of the programs to query.",
      "name": "names...",
      "required": false,
      "type": "string",
    },
  ],
  "profile": Object {
    "optional": Array [
      "ims",
    ],
  },
  "type": "command",
}
`;
