// Jest Snapshot v1, https://goo.gl/fbAQLP

exports[`ims stop transaction should not have changed 1`] = `
Object {
  "aliases": Array [
    "tran",
  ],
  "description": "Stop an IMS transaction.",
  "examples": Array [
    Object {
      "description": "Stop a transaction named TRN1",
      "options": "TRN1",
    },
    Object {
      "description": "Stop all transactions beginning with TRN*",
      "options": "ACC*",
    },
    Object {
      "description": "Stop tracing a transaction named TRN2",
      "options": "PGM234 --attributes TRACE",
    },
    Object {
      "description": "Stop a transaction named TRN3 routing to control regions IMS1 and IMS2",
      "options": "PGM890 --route IMS1 IMS2",
    },
    Object {
      "description": "Stop a transaction named TRN4 specifying optional connection parameters",
      "options": "XYZ1 --host localhost --port 8080 --ich zos1 --icp 9999 --plex PLEX1",
    },
  ],
  "name": "transaction",
  "options": Array [
    Object {
      "aliases": Array [
        "att",
      ],
      "allowableValues": Object {
        "caseSensitive": true,
        "values": Array [
          "Q",
          "SCHD",
          "TRACE",
        ],
      },
      "defaultValue": Array [
        "SCHD",
      ],
      "description": "The attributes that are to be stopped",
      "name": "attributes",
      "type": "array",
    },
    Object {
      "aliases": Array [
        "rte",
      ],
      "description": "The region(s) to route the command",
      "name": "route",
      "type": "array",
    },
  ],
  "outputFormatOptions": true,
  "positionals": Array [
    Object {
      "description": "The names of the transactions to stop. The maximum length of a transaction name is eight characters.",
      "name": "names...",
      "required": true,
      "type": "string",
    },
  ],
  "profile": Object {
    "optional": Array [
      "ims",
    ],
  },
  "type": "command",
}
`;
