// Jest Snapshot v1, https://goo.gl/fbAQLP

exports[`ims start transaction should not have changed 1`] = `
Object {
  "aliases": Array [
    "tran",
  ],
  "description": "Command to specify the transaction that is to be started.",
  "examples": Array [
    Object {
      "description": "Start a transaction named TRN1",
      "options": "TRN1",
    },
  ],
  "name": "transaction",
  "outputFormatOptions": true,
  "positionals": Array [
    Object {
      "description": "The name of the transaction to start. The maximum length of the transaction name is eight characters.",
      "name": "names...",
      "required": true,
      "type": "string",
    },
  ],
  "profile": Object {
    "optional": Array [
      "ims",
    ],
  },
  "type": "command",
}
`;
