// Jest Snapshot v1, https://goo.gl/fbAQLP

exports[`ims stop region should not have changed 1`] = `
Object {
  "aliases": Array [
    "reg",
  ],
  "description": "Stop an IMS region.",
  "examples": Array [
    Object {
      "description": "Stop a region with job name JOBNM1",
      "options": "--job-name \\"JOBNM1\\"",
    },
    Object {
      "description": "Stop multiple regions with region identifiers",
      "options": "--region-ids 4 5",
    },
    Object {
      "description": "Stop a region with region identifier and cause the abnormal termination (ABEND) of the application program",
      "options": "--region-ids 4 --abdump \\"TRAN1\\"",
    },
    Object {
      "description": "Stop a region with region identifier and specify 'cancel' because the 'abdump' option failed to stop the region",
      "options": "--region-ids 4 --cancel true",
    },
    Object {
      "description": "Stop a region with job name JOBNM4 specifying optional connection parameters",
      "options": "--job-name \\"JOBNM4\\" --user \\"username\\" --pass \\"pass1234\\" --host \\"localhost\\" --port 8080--ich \\"zos1\\" --icp 9999 --plex \\"PLEX1\\"",
    },
  ],
  "mustSpecifyOne": Array [
    "job-name",
    "region-ids",
  ],
  "name": "region",
  "options": Array [
    Object {
      "aliases": Array [
        "ri",
      ],
      "conflictsWith": Array [
        "job-name",
      ],
      "description": "Region identifier numbers for the regions you want to stop. You must specify either this option or --job-name.",
      "name": "region-ids",
      "type": "array",
    },
    Object {
      "aliases": Array [
        "jn",
      ],
      "conflictsWith": Array [
        "region-ids",
      ],
      "description": "The name of the job for the IMS region you want to stop. You must specify either this option or --region-ids.",
      "name": "job-name",
      "type": "string",
    },
    Object {
      "aliases": Array [
        "rte",
      ],
      "description": "The region(s) to route the command to",
      "name": "route",
      "type": "array",
    },
    Object {
      "description": "Specify this option to cause abnormal termination (ABEND) of an application program. If the transaction indicated by this argument is currently running in the specified region, an error message is received at the master terminal, indicating an application program ABEND. The region will remain active, but the transaction will be stopped. The command is ignored if the transaction is not currently scheduled in the region.",
      "name": "abdump",
      "type": "string",
    },
    Object {
      "description": "Use this option if the region cannot be stopped with a stop region --abdump command. To use this option, you must have already submitted a stop region command using the --abdump option.",
      "name": "cancel",
      "type": "boolean",
    },
    Object {
      "description": "Specify a transaction in wait-for-input mode to stop its message processing within the specified region.",
      "name": "transaction",
      "type": "string",
    },
  ],
  "outputFormatOptions": true,
  "positionals": Array [],
  "profile": Object {
    "optional": Array [
      "ims",
    ],
  },
  "type": "command",
}
`;
